<UIView; frame = (0 0; 320 480); autoresize = W+H; backgroundColor = UIExtendedSRGBColorSpace 0 1 0 1; layer = <CALayer>>