<UIView; frame = (0 0; 100 100); backgroundColor = UIExtendedSRGBColorSpace 0 0 1 1; layer = <CALayer>>