<UIView; frame = (0 0; 375 667); autoresize = W+H; backgroundColor = UIExtendedSRGBColorSpace 0 1 0 1; layer = <CALayer>>